INFO 10-30 17:02:14 [__init__.py:235] Automatically detected platform cuda.
1
lighteval|xnli2.0_ara_cf
lighteval|xnli2.0_deu_cf
lighteval|xnli_eng_cf
lighteval|xnli2.0_fra_cf
lighteval|xnli2.0_hin_cf
None
None
None
lighteval|xnli2.0_rus_cf
lighteval|xnli2.0_spa_cf
lighteval|xnli2.0_tur_cf
lighteval|xnli2.0_zho_cf
lighteval|global_mmlu_ca_ara_cf
lighteval|global_mmlu_ca_deu_cf
lighteval|global_mmlu_ca_eng_cf
lighteval|global_mmlu_ca_fra_cf
lighteval|global_mmlu_ca_hin_cf
lighteval|global_mmlu_ca_ita_cf
lighteval|global_mmlu_ca_nld_cf
lighteval|global_mmlu_ca_por_cf
lighteval|global_mmlu_ca_rus_cf
lighteval|global_mmlu_ca_spa_cf
lighteval|global_mmlu_ca_tur_cf
lighteval|global_mmlu_ca_zho_cf
lighteval|global_mmlu_cs_ara_cf
lighteval|global_mmlu_cs_deu_cf
lighteval|global_mmlu_cs_eng_cf
lighteval|global_mmlu_cs_fra_cf
lighteval|global_mmlu_cs_hin_cf
lighteval|global_mmlu_cs_ita_cf
lighteval|global_mmlu_cs_nld_cf
lighteval|global_mmlu_cs_por_cf
lighteval|global_mmlu_cs_rus_cf
lighteval|global_mmlu_cs_spa_cf
lighteval|global_mmlu_cs_tur_cf
lighteval|global_mmlu_cs_zho_cf
lighteval|mkqa_ara
lighteval|mkqa_deu
lighteval|mkqa_eng
lighteval|mkqa_fra
None
lighteval|mkqa_ita
lighteval|mkqa_nld
lighteval|mkqa_por
lighteval|mkqa_rus
lighteval|mkqa_spa
lighteval|mkqa_tur
lighteval|mkqa_zho
lighteval|xcodah_ara_cf
lighteval|xcodah_deu_cf
lighteval|xcodah_eng_cf
lighteval|xcodah_fra_cf
lighteval|xcodah_hin_cf
lighteval|xcodah_ita_cf
lighteval|xcodah_nld_cf
lighteval|xcodah_por_cf
lighteval|xcodah_rus_cf
lighteval|xcodah_spa_cf
None
lighteval|xcodah_zho_cf
