INFO 10-17 14:48:38 [__init__.py:235] Automatically detected platform cuda.
1
lighteval|belebele_arb_Arab_cf
lighteval|belebele_deu_Latn_cf
lighteval|belebele_eng_Latn_cf
lighteval|belebele_fra_Latn_cf
lighteval|belebele_hin_Deva_cf
lighteval|belebele_ita_Latn_cf
lighteval|belebele_nld_Latn_cf
lighteval|belebele_rus_Cyrl_cf
lighteval|belebele_spa_Latn_cf
lighteval|belebele_tur_Latn_cf
lighteval|belebele_zho_Hans_cf
lighteval|mlmm_arc_ara_cf:challenge
lighteval|mlmm_arc_deu_cf:challenge
leaderboard|arc:challenge
lighteval|mlmm_arc_fra_cf:challenge
lighteval|community_arc_hin_cf:challenge
lighteval|mlmm_arc_ita_cf:challenge
lighteval|mlmm_arc_nld_cf:challenge
lighteval|mlmm_arc_rus_cf:challenge
lighteval|mlmm_arc_spa_cf:challenge
lighteval|community_arc_tur_cf:challenge
lighteval|mlmm_arc_zho_cf:challenge
lighteval|xcsqa_ara_cf
lighteval|xcsqa_deu_cf
lighteval|xcsqa_eng_cf
lighteval|xcsqa_fra_cf
lighteval|xcsqa_hin_cf
lighteval|xcsqa_ita_cf
lighteval|xcsqa_nld_cf
lighteval|xcsqa_rus_cf
lighteval|xcsqa_spa_cf
None
lighteval|xcsqa_zho_cf
lighteval|mlmm_hellaswag_ara_cf
lighteval|mlmm_hellaswag_deu_cf
leaderboard|hellaswag
lighteval|mlmm_hellaswag_fra_cf
lighteval|mlmm_hellaswag_hin_cf
lighteval|mlmm_hellaswag_ita_cf
lighteval|mlmm_hellaswag_nld_cf
lighteval|mlmm_hellaswag_rus_cf
lighteval|mlmm_hellaswag_spa_cf
lighteval|community_hellaswag_tur_cf
lighteval|mlmm_hellaswag_zho_cf
lighteval|flores200:eng_Latn-arb_Arab
lighteval|flores200:eng_Latn-deu_Latn
lighteval|flores200:fra_Latn-eng_Latn
lighteval|flores200:eng_Latn-fra_Latn
lighteval|flores200:eng_Latn-hin_Deva
lighteval|flores200:eng_Latn-ita_Latn
lighteval|flores200:eng_Latn-nld_Latn
lighteval|flores200:eng_Latn-rus_Cyrl
lighteval|flores200:eng_Latn-spa_Latn
lighteval|flores200:eng_Latn-tur_Latn
lighteval|flores200:eng_Latn-zho_Hans
|                   Task                   |Version|    Metric    | Value |   |Stderr|
|------------------------------------------|------:|--------------|------:|---|-----:|
|all                                       |       |acc           | 0.2800|±  |0.0141|
|                                          |       |acc_norm      | 0.2841|±  |0.0143|
|                                          |       |acc_norm_token| 0.2801|±  |0.0143|
|                                          |       |acc_norm_pmi  | 0.2622|±  |0.0138|
|                                          |       |chrf++        |19.3236|±  |0.1881|
|                                          |       |bleu          | 6.6376|±  |0.1926|
|                                          |       |bleu_1        | 0.1441|±  |0.0024|
|                                          |       |bleu_4        | 0.0167|±  |0.0008|
|leaderboard:arc:challenge:5               |      0|acc           | 0.2340|±  |0.0134|
|                                          |       |acc_norm      | 0.2690|±  |0.0140|
|leaderboard:hellaswag:5                   |      0|acc           | 0.3260|±  |0.0148|
|                                          |       |acc_norm      | 0.3860|±  |0.0154|
|lighteval:belebele_arb_Arab_cf:5          |      0|acc_norm_token| 0.2889|±  |0.0151|
|                                          |       |acc_norm      | 0.2933|±  |0.0152|
|lighteval:belebele_deu_Latn_cf:5          |      0|acc_norm_token| 0.3456|±  |0.0159|
|                                          |       |acc_norm      | 0.3278|±  |0.0157|
|lighteval:belebele_eng_Latn_cf:5          |      0|acc_norm_token| 0.3722|±  |0.0161|
|                                          |       |acc_norm      | 0.3656|±  |0.0161|
|lighteval:belebele_fra_Latn_cf:5          |      0|acc_norm_token| 0.3944|±  |0.0163|
|                                          |       |acc_norm      | 0.4011|±  |0.0163|
|lighteval:belebele_hin_Deva_cf:5          |      0|acc_norm_token| 0.2667|±  |0.0147|
|                                          |       |acc_norm      | 0.2422|±  |0.0143|
|lighteval:belebele_ita_Latn_cf:5          |      0|acc_norm_token| 0.3144|±  |0.0155|
|                                          |       |acc_norm      | 0.3367|±  |0.0158|
|lighteval:belebele_nld_Latn_cf:5          |      0|acc_norm_token| 0.2944|±  |0.0152|
|                                          |       |acc_norm      | 0.3022|±  |0.0153|
|lighteval:belebele_rus_Cyrl_cf:5          |      0|acc_norm_token| 0.2567|±  |0.0146|
|                                          |       |acc_norm      | 0.2400|±  |0.0142|
|lighteval:belebele_spa_Latn_cf:5          |      0|acc_norm_token| 0.3144|±  |0.0155|
|                                          |       |acc_norm      | 0.3244|±  |0.0156|
|lighteval:belebele_tur_Latn_cf:5          |      0|acc_norm_token| 0.2800|±  |0.0150|
|                                          |       |acc_norm      | 0.2978|±  |0.0153|
|lighteval:belebele_zho_Hans_cf:5          |      0|acc_norm_token| 0.2556|±  |0.0145|
|                                          |       |acc_norm      | 0.2633|±  |0.0147|
|lighteval:community_arc_hin_cf:challenge:5|      0|acc_norm_token| 0.2410|±  |0.0135|
|                                          |       |acc_norm      | 0.2380|±  |0.0135|
|                                          |       |acc_norm_pmi  | 0.2460|±  |0.0136|
|lighteval:community_arc_tur_cf:challenge:5|      0|acc_norm_token| 0.2560|±  |0.0138|
|                                          |       |acc_norm      | 0.2500|±  |0.0137|
|                                          |       |acc_norm_pmi  | 0.2630|±  |0.0139|
|lighteval:community_hellaswag_tur_cf:5    |      0|acc_norm_token| 0.3170|±  |0.0147|
|                                          |       |acc_norm      | 0.3010|±  |0.0145|
|lighteval:flores200:_average:5            |       |chrf++        |19.3236|±  |0.1881|
|                                          |       |bleu          | 6.6376|±  |0.1926|
|                                          |       |bleu_1        | 0.1441|±  |0.0024|
|                                          |       |bleu_4        | 0.0167|±  |0.0008|
|lighteval:flores200:eng_Latn-arb_Arab:5   |      0|chrf++        | 4.8504|±  |0.2228|
|                                          |       |bleu          | 1.6467|±  |0.0854|
|                                          |       |bleu_1        | 0.0711|±  |0.0015|
|                                          |       |bleu_4        | 0.0000|±  |0.0000|
|lighteval:flores200:eng_Latn-deu_Latn:5   |      0|chrf++        |16.5218|±  |0.1630|
|                                          |       |bleu          | 2.5683|±  |0.1337|
|                                          |       |bleu_1        | 0.0838|±  |0.0021|
|                                          |       |bleu_4        | 0.0011|±  |0.0004|
|lighteval:flores200:eng_Latn-fra_Latn:5   |      0|chrf++        |55.8097|±  |0.4441|
|                                          |       |bleu          |37.8635|±  |0.5169|
|                                          |       |bleu_1        | 0.4666|±  |0.0052|
|                                          |       |bleu_4        | 0.1020|±  |0.0043|
|lighteval:flores200:eng_Latn-hin_Deva:5   |      0|chrf++        | 0.6832|±  |0.1164|
|                                          |       |bleu          | 0.0824|±  |0.1694|
|                                          |       |bleu_1        | 0.0445|±  |0.0014|
|                                          |       |bleu_4        | 0.0000|±  |0.0000|
|lighteval:flores200:eng_Latn-ita_Latn:5   |      0|chrf++        |19.3606|±  |0.1295|
|                                          |       |bleu          | 1.8233|±  |0.1335|
|                                          |       |bleu_1        | 0.0812|±  |0.0018|
|                                          |       |bleu_4        | 0.0006|±  |0.0002|
|lighteval:flores200:eng_Latn-nld_Latn:5   |      0|chrf++        |20.7898|±  |0.1580|
|                                          |       |bleu          | 3.5542|±  |0.1627|
|                                          |       |bleu_1        | 0.1099|±  |0.0027|
|                                          |       |bleu_4        | 0.0010|±  |0.0003|
|lighteval:flores200:eng_Latn-rus_Cyrl:5   |      0|chrf++        | 6.5577|±  |0.0480|
|                                          |       |bleu          | 1.5763|±  |0.0400|
|                                          |       |bleu_1        | 0.0466|±  |0.0012|
|                                          |       |bleu_4        | 0.0001|±  |0.0001|
|lighteval:flores200:eng_Latn-spa_Latn:5   |      0|chrf++        |18.0825|±  |0.1818|
|                                          |       |bleu          | 2.4427|±  |0.1900|
|                                          |       |bleu_1        | 0.1073|±  |0.0029|
|                                          |       |bleu_4        | 0.0011|±  |0.0003|
|lighteval:flores200:eng_Latn-tur_Latn:5   |      0|chrf++        |16.1745|±  |0.1193|
|                                          |       |bleu          | 1.6404|±  |0.1028|
|                                          |       |bleu_1        | 0.0852|±  |0.0016|
|                                          |       |bleu_4        | 0.0000|±  |0.0000|
|lighteval:flores200:eng_Latn-zho_Hans:5   |      0|chrf++        | 2.0072|±  |0.0755|
|                                          |       |bleu          | 0.1942|±  |0.1263|
|                                          |       |bleu_1        | 0.0048|±  |0.0008|
|                                          |       |bleu_4        | 0.0000|±  |0.0000|
|lighteval:flores200:fra_Latn-eng_Latn:5   |      0|chrf++        |51.7227|±  |0.4102|
|                                          |       |bleu          |19.6213|±  |0.4577|
|                                          |       |bleu_1        | 0.4841|±  |0.0047|
|                                          |       |bleu_4        | 0.0772|±  |0.0036|
|lighteval:mlmm_arc_ara_cf:challenge:5     |      0|acc_norm_token| 0.2220|±  |0.0131|
|                                          |       |acc_norm      | 0.2330|±  |0.0134|
|                                          |       |acc_norm_pmi  | 0.2330|±  |0.0134|
|lighteval:mlmm_arc_deu_cf:challenge:5     |      0|acc_norm_token| 0.2330|±  |0.0134|
|                                          |       |acc_norm      | 0.2440|±  |0.0136|
|                                          |       |acc_norm_pmi  | 0.2290|±  |0.0133|
|lighteval:mlmm_arc_fra_cf:challenge:5     |      0|acc_norm_token| 0.2870|±  |0.0143|
|                                          |       |acc_norm      | 0.2830|±  |0.0143|
|                                          |       |acc_norm_pmi  | 0.3180|±  |0.0147|
|lighteval:mlmm_arc_ita_cf:challenge:5     |      0|acc_norm_token| 0.2210|±  |0.0131|
|                                          |       |acc_norm      | 0.2190|±  |0.0131|
|                                          |       |acc_norm_pmi  | 0.2360|±  |0.0134|
|lighteval:mlmm_arc_nld_cf:challenge:5     |      0|acc_norm_token| 0.2180|±  |0.0131|
|                                          |       |acc_norm      | 0.2270|±  |0.0133|
|                                          |       |acc_norm_pmi  | 0.2300|±  |0.0133|
|lighteval:mlmm_arc_rus_cf:challenge:5     |      0|acc_norm_token| 0.2620|±  |0.0139|
|                                          |       |acc_norm      | 0.2510|±  |0.0137|
|                                          |       |acc_norm_pmi  | 0.2500|±  |0.0137|
|lighteval:mlmm_arc_spa_cf:challenge:5     |      0|acc_norm_token| 0.2340|±  |0.0134|
|                                          |       |acc_norm      | 0.2610|±  |0.0139|
|                                          |       |acc_norm_pmi  | 0.2700|±  |0.0140|
|lighteval:mlmm_arc_zho_cf:challenge:5     |      0|acc_norm_token| 0.2410|±  |0.0135|
|                                          |       |acc_norm      | 0.2500|±  |0.0137|
|                                          |       |acc_norm_pmi  | 0.2370|±  |0.0135|
|lighteval:mlmm_hellaswag_ara_cf:5         |      0|acc_norm_token| 0.2920|±  |0.0144|
|                                          |       |acc_norm      | 0.2680|±  |0.0140|
|lighteval:mlmm_hellaswag_deu_cf:5         |      0|acc_norm_token| 0.2770|±  |0.0142|
|                                          |       |acc_norm      | 0.2880|±  |0.0143|
|lighteval:mlmm_hellaswag_fra_cf:5         |      0|acc_norm_token| 0.4950|±  |0.0158|
|                                          |       |acc_norm      | 0.4780|±  |0.0158|
|lighteval:mlmm_hellaswag_hin_cf:5         |      0|acc_norm_token| 0.2670|±  |0.0140|
|                                          |       |acc_norm      | 0.2380|±  |0.0135|
|lighteval:mlmm_hellaswag_ita_cf:5         |      0|acc_norm_token| 0.3210|±  |0.0148|
|                                          |       |acc_norm      | 0.3340|±  |0.0149|
|lighteval:mlmm_hellaswag_nld_cf:5         |      0|acc_norm_token| 0.3160|±  |0.0147|
|                                          |       |acc_norm      | 0.2960|±  |0.0144|
|lighteval:mlmm_hellaswag_rus_cf:5         |      0|acc_norm_token| 0.2790|±  |0.0142|
|                                          |       |acc_norm      | 0.2650|±  |0.0140|
|lighteval:mlmm_hellaswag_spa_cf:5         |      0|acc_norm_token| 0.3390|±  |0.0150|
|                                          |       |acc_norm      | 0.3570|±  |0.0152|
|lighteval:mlmm_hellaswag_zho_cf:5         |      0|acc_norm_token| 0.3030|±  |0.0145|
|                                          |       |acc_norm      | 0.2890|±  |0.0143|
|lighteval:xcsqa_ara_cf:5                  |      0|acc_norm_token| 0.2140|±  |0.0130|
|                                          |       |acc_norm      | 0.2070|±  |0.0128|
|                                          |       |acc_norm_pmi  | 0.2270|±  |0.0133|
|lighteval:xcsqa_deu_cf:5                  |      0|acc_norm_token| 0.2223|±  |0.0132|
|                                          |       |acc_norm      | 0.2545|±  |0.0138|
|                                          |       |acc_norm_pmi  | 0.2767|±  |0.0142|
|lighteval:xcsqa_eng_cf:5                  |      0|acc_norm_token| 0.3530|±  |0.0151|
|                                          |       |acc_norm      | 0.3340|±  |0.0149|
|                                          |       |acc_norm_pmi  | 0.3660|±  |0.0152|
|lighteval:xcsqa_fra_cf:5                  |      0|acc_norm_token| 0.3310|±  |0.0149|
|                                          |       |acc_norm      | 0.3550|±  |0.0151|
|                                          |       |acc_norm_pmi  | 0.3680|±  |0.0153|
|lighteval:xcsqa_hin_cf:5                  |      0|acc_norm_token| 0.2020|±  |0.0127|
|                                          |       |acc_norm      | 0.1740|±  |0.0120|
|                                          |       |acc_norm_pmi  | 0.2260|±  |0.0132|
|lighteval:xcsqa_ita_cf:5                  |      0|acc_norm_token| 0.2553|±  |0.0138|
|                                          |       |acc_norm      | 0.2814|±  |0.0143|
|                                          |       |acc_norm_pmi  | 0.2683|±  |0.0141|
|lighteval:xcsqa_nld_cf:5                  |      0|acc_norm_token| 0.2130|±  |0.0130|
|                                          |       |acc_norm      | 0.2490|±  |0.0137|
|                                          |       |acc_norm_pmi  | 0.2170|±  |0.0130|
|lighteval:xcsqa_rus_cf:5                  |      0|acc_norm_token| 0.1998|±  |0.0127|
|                                          |       |acc_norm      | 0.2333|±  |0.0135|
|                                          |       |acc_norm_pmi  | 0.2323|±  |0.0135|
|lighteval:xcsqa_spa_cf:5                  |      0|acc_norm_token| 0.2580|±  |0.0138|
|                                          |       |acc_norm      | 0.2720|±  |0.0141|
|                                          |       |acc_norm_pmi  | 0.3020|±  |0.0145|
|lighteval:xcsqa_zho_cf:5                  |      0|acc_norm_token| 0.2320|±  |0.0134|
|                                          |       |acc_norm      | 0.2360|±  |0.0134|
|                                          |       |acc_norm_pmi  | 0.2480|±  |0.0137|

