--max_samples WAS SET. THESE NUMBERS ARE ONLY PARTIAL AND SHOULD NOT BE USED FOR COMPARISON UNLESS YOU KNOW WHAT YOU ARE DOING.
FlashInfer is not available. Falling back to the PyTorch-native implementation of top-p & top-k sampling. For the best performance, please install FlashInfer.
Loading pt checkpoint shards:   0% Completed | 0/1 [00:00<?, ?it/s]
Loading pt checkpoint shards: 100% Completed | 1/1 [00:01<00:00,  1.27s/it]
Loading pt checkpoint shards: 100% Completed | 1/1 [00:01<00:00,  1.27s/it]

Capturing CUDA graph shapes:   0%|          | 0/35 [00:00<?, ?it/s]Capturing CUDA graph shapes:  14%|█▍        | 5/35 [00:00<00:00, 44.90it/s]Capturing CUDA graph shapes:  29%|██▊       | 10/35 [00:00<00:00, 44.36it/s]Capturing CUDA graph shapes:  46%|████▌     | 16/35 [00:00<00:00, 47.18it/s]Capturing CUDA graph shapes:  63%|██████▎   | 22/35 [00:00<00:00, 49.54it/s]Capturing CUDA graph shapes:  80%|████████  | 28/35 [00:00<00:00, 51.67it/s]Capturing CUDA graph shapes:  97%|█████████▋| 34/35 [00:00<00:00, 52.34it/s]Capturing CUDA graph shapes: 100%|██████████| 35/35 [00:00<00:00, 49.40it/s]
No word tokenizer found for language Language.ASSAMESE, will split on spaces.
No word tokenizer found for language Language.ORIYA, will split on spaces.
No word tokenizer found for language Language.EASTERN_PANJABI, will split on spaces.
No word tokenizer found for language Language.KHMER, will split on spaces.
If you want to use extended_tasks, make sure you installed their dependencies using `pip install -e .[extended_tasks]`.
Careful, the task lighteval|mkqa_ara:binary is using evaluation data to build the few shot examples.
Careful, the task lighteval|mkqa_ara:date is using evaluation data to build the few shot examples.
Careful, the task lighteval|mkqa_ara:entity is using evaluation data to build the few shot examples.
Careful, the task lighteval|mkqa_ara:long_answer is using evaluation data to build the few shot examples.
Careful, the task lighteval|mkqa_ara:number is using evaluation data to build the few shot examples.
Careful, the task lighteval|mkqa_ara:number_with_unit is using evaluation data to build the few shot examples.
Careful, the task lighteval|mkqa_ara:short_phrase is using evaluation data to build the few shot examples.
Careful, the task lighteval|mkqa_deu:binary is using evaluation data to build the few shot examples.
Careful, the task lighteval|mkqa_deu:date is using evaluation data to build the few shot examples.
Careful, the task lighteval|mkqa_deu:entity is using evaluation data to build the few shot examples.
Careful, the task lighteval|mkqa_deu:long_answer is using evaluation data to build the few shot examples.
Careful, the task lighteval|mkqa_deu:number is using evaluation data to build the few shot examples.
Careful, the task lighteval|mkqa_deu:number_with_unit is using evaluation data to build the few shot examples.
Careful, the task lighteval|mkqa_deu:short_phrase is using evaluation data to build the few shot examples.
Careful, the task lighteval|mkqa_eng:binary is using evaluation data to build the few shot examples.
Careful, the task lighteval|mkqa_eng:date is using evaluation data to build the few shot examples.
Careful, the task lighteval|mkqa_eng:entity is using evaluation data to build the few shot examples.
Careful, the task lighteval|mkqa_eng:long_answer is using evaluation data to build the few shot examples.
Careful, the task lighteval|mkqa_eng:number is using evaluation data to build the few shot examples.
Careful, the task lighteval|mkqa_eng:number_with_unit is using evaluation data to build the few shot examples.
Careful, the task lighteval|mkqa_eng:short_phrase is using evaluation data to build the few shot examples.
Careful, the task lighteval|mkqa_fra:binary is using evaluation data to build the few shot examples.
Careful, the task lighteval|mkqa_fra:date is using evaluation data to build the few shot examples.
Careful, the task lighteval|mkqa_fra:entity is using evaluation data to build the few shot examples.
Careful, the task lighteval|mkqa_fra:long_answer is using evaluation data to build the few shot examples.
Careful, the task lighteval|mkqa_fra:number is using evaluation data to build the few shot examples.
Careful, the task lighteval|mkqa_fra:number_with_unit is using evaluation data to build the few shot examples.
Careful, the task lighteval|mkqa_fra:short_phrase is using evaluation data to build the few shot examples.
Careful, the task lighteval|mkqa_ita:binary is using evaluation data to build the few shot examples.
Careful, the task lighteval|mkqa_ita:date is using evaluation data to build the few shot examples.
Careful, the task lighteval|mkqa_ita:entity is using evaluation data to build the few shot examples.
Careful, the task lighteval|mkqa_ita:long_answer is using evaluation data to build the few shot examples.
Careful, the task lighteval|mkqa_ita:number is using evaluation data to build the few shot examples.
Careful, the task lighteval|mkqa_ita:number_with_unit is using evaluation data to build the few shot examples.
Careful, the task lighteval|mkqa_ita:short_phrase is using evaluation data to build the few shot examples.
Careful, the task lighteval|mkqa_nld:binary is using evaluation data to build the few shot examples.
Careful, the task lighteval|mkqa_nld:date is using evaluation data to build the few shot examples.
Careful, the task lighteval|mkqa_nld:entity is using evaluation data to build the few shot examples.
Careful, the task lighteval|mkqa_nld:long_answer is using evaluation data to build the few shot examples.
Careful, the task lighteval|mkqa_nld:number is using evaluation data to build the few shot examples.
Careful, the task lighteval|mkqa_nld:number_with_unit is using evaluation data to build the few shot examples.
Careful, the task lighteval|mkqa_nld:short_phrase is using evaluation data to build the few shot examples.
Careful, the task lighteval|mkqa_por:binary is using evaluation data to build the few shot examples.
Careful, the task lighteval|mkqa_por:date is using evaluation data to build the few shot examples.
Careful, the task lighteval|mkqa_por:entity is using evaluation data to build the few shot examples.
Careful, the task lighteval|mkqa_por:long_answer is using evaluation data to build the few shot examples.
Careful, the task lighteval|mkqa_por:number is using evaluation data to build the few shot examples.
Careful, the task lighteval|mkqa_por:number_with_unit is using evaluation data to build the few shot examples.
Careful, the task lighteval|mkqa_por:short_phrase is using evaluation data to build the few shot examples.
Careful, the task lighteval|mkqa_rus:binary is using evaluation data to build the few shot examples.
Careful, the task lighteval|mkqa_rus:date is using evaluation data to build the few shot examples.
Careful, the task lighteval|mkqa_rus:entity is using evaluation data to build the few shot examples.
Careful, the task lighteval|mkqa_rus:long_answer is using evaluation data to build the few shot examples.
Careful, the task lighteval|mkqa_rus:number is using evaluation data to build the few shot examples.
Careful, the task lighteval|mkqa_rus:number_with_unit is using evaluation data to build the few shot examples.
Careful, the task lighteval|mkqa_rus:short_phrase is using evaluation data to build the few shot examples.
Careful, the task lighteval|mkqa_spa:binary is using evaluation data to build the few shot examples.
Careful, the task lighteval|mkqa_spa:date is using evaluation data to build the few shot examples.
Careful, the task lighteval|mkqa_spa:entity is using evaluation data to build the few shot examples.
Careful, the task lighteval|mkqa_spa:long_answer is using evaluation data to build the few shot examples.
Careful, the task lighteval|mkqa_spa:number is using evaluation data to build the few shot examples.
Careful, the task lighteval|mkqa_spa:number_with_unit is using evaluation data to build the few shot examples.
Careful, the task lighteval|mkqa_spa:short_phrase is using evaluation data to build the few shot examples.
Careful, the task lighteval|mkqa_tur:binary is using evaluation data to build the few shot examples.
Careful, the task lighteval|mkqa_tur:date is using evaluation data to build the few shot examples.
Careful, the task lighteval|mkqa_tur:entity is using evaluation data to build the few shot examples.
Careful, the task lighteval|mkqa_tur:long_answer is using evaluation data to build the few shot examples.
Careful, the task lighteval|mkqa_tur:number is using evaluation data to build the few shot examples.
Careful, the task lighteval|mkqa_tur:number_with_unit is using evaluation data to build the few shot examples.
Careful, the task lighteval|mkqa_tur:short_phrase is using evaluation data to build the few shot examples.
Careful, the task lighteval|mkqa_zho:binary is using evaluation data to build the few shot examples.
Careful, the task lighteval|mkqa_zho:date is using evaluation data to build the few shot examples.
Careful, the task lighteval|mkqa_zho:entity is using evaluation data to build the few shot examples.
Careful, the task lighteval|mkqa_zho:long_answer is using evaluation data to build the few shot examples.
Careful, the task lighteval|mkqa_zho:number is using evaluation data to build the few shot examples.
Careful, the task lighteval|mkqa_zho:number_with_unit is using evaluation data to build the few shot examples.
Careful, the task lighteval|mkqa_zho:short_phrase is using evaluation data to build the few shot examples.
Careful, the task lighteval|xcodah_ara_cf is using evaluation data to build the few shot examples.
Careful, the task lighteval|xcodah_deu_cf is using evaluation data to build the few shot examples.
Careful, the task lighteval|xcodah_eng_cf is using evaluation data to build the few shot examples.
Careful, the task lighteval|xcodah_fra_cf is using evaluation data to build the few shot examples.
Careful, the task lighteval|xcodah_hin_cf is using evaluation data to build the few shot examples.
Careful, the task lighteval|xcodah_ita_cf is using evaluation data to build the few shot examples.
Careful, the task lighteval|xcodah_nld_cf is using evaluation data to build the few shot examples.
Careful, the task lighteval|xcodah_por_cf is using evaluation data to build the few shot examples.
Careful, the task lighteval|xcodah_rus_cf is using evaluation data to build the few shot examples.
Careful, the task lighteval|xcodah_spa_cf is using evaluation data to build the few shot examples.
Careful, the task lighteval|xcodah_zho_cf is using evaluation data to build the few shot examples.
Traceback (most recent call last):
  File "<frozen runpy>", line 198, in _run_module_as_main
  File "<frozen runpy>", line 88, in _run_code
  File "/ivi/ilps/personal/saycock/multimerge/evaluate.py", line 112, in <module>
    main(args)
  File "/ivi/ilps/personal/saycock/multimerge/evaluate.py", line 89, in main
    pipeline = Pipeline(
               ^^^^^^^^^
  File "/ivi/ilps/personal/saycock/multimerge/.venv/lib/python3.12/site-packages/lighteval/pipeline.py", line 162, in __init__
    self._init_tasks_and_requests(tasks=tasks)
  File "/ivi/ilps/personal/saycock/multimerge/.venv/lib/python3.12/site-packages/lighteval/pipeline.py", line 222, in _init_tasks_and_requests
    LightevalTask.load_datasets(list(task_dict.values()), self.pipeline_parameters.dataset_loading_processes)
  File "/ivi/ilps/personal/saycock/multimerge/.venv/lib/python3.12/site-packages/lighteval/tasks/lighteval_task.py", line 556, in load_datasets
    download_dataset_worker(
  File "/ivi/ilps/personal/saycock/multimerge/.venv/lib/python3.12/site-packages/lighteval/utils/utils.py", line 213, in download_dataset_worker
    dataset = load_dataset(
              ^^^^^^^^^^^^^
  File "/ivi/ilps/personal/saycock/multimerge/.venv/lib/python3.12/site-packages/datasets/load.py", line 2062, in load_dataset
    builder_instance = load_dataset_builder(
                       ^^^^^^^^^^^^^^^^^^^^^
  File "/ivi/ilps/personal/saycock/multimerge/.venv/lib/python3.12/site-packages/datasets/load.py", line 1819, in load_dataset_builder
    builder_instance: DatasetBuilder = builder_cls(
                                       ^^^^^^^^^^^^
  File "/ivi/ilps/personal/saycock/multimerge/.venv/lib/python3.12/site-packages/datasets/builder.py", line 395, in __init__
    self.info = DatasetInfo.from_directory(self._cache_dir)
                ^^^^^^^^^^^^^^^^^^^^^^^^^^^^^^^^^^^^^^^^^^^
  File "/ivi/ilps/personal/saycock/multimerge/.venv/lib/python3.12/site-packages/datasets/info.py", line 279, in from_directory
    return cls.from_dict(dataset_info_dict)
           ^^^^^^^^^^^^^^^^^^^^^^^^^^^^^^^^
  File "/ivi/ilps/personal/saycock/multimerge/.venv/lib/python3.12/site-packages/datasets/info.py", line 284, in from_dict
    return cls(**{k: v for k, v in dataset_info_dict.items() if k in field_names})
           ^^^^^^^^^^^^^^^^^^^^^^^^^^^^^^^^^^^^^^^^^^^^^^^^^^^^^^^^^^^^^^^^^^^^^^^
  File "<string>", line 20, in __init__
  File "/ivi/ilps/personal/saycock/multimerge/.venv/lib/python3.12/site-packages/datasets/info.py", line 170, in __post_init__
    self.features = Features.from_dict(self.features)
                    ^^^^^^^^^^^^^^^^^^^^^^^^^^^^^^^^^
  File "/ivi/ilps/personal/saycock/multimerge/.venv/lib/python3.12/site-packages/datasets/features/features.py", line 1888, in from_dict
    obj = generate_from_dict(dic)
          ^^^^^^^^^^^^^^^^^^^^^^^
  File "/ivi/ilps/personal/saycock/multimerge/.venv/lib/python3.12/site-packages/datasets/features/features.py", line 1468, in generate_from_dict
    return {key: generate_from_dict(value) for key, value in obj.items()}
                 ^^^^^^^^^^^^^^^^^^^^^^^^^
  File "/ivi/ilps/personal/saycock/multimerge/.venv/lib/python3.12/site-packages/datasets/features/features.py", line 1468, in generate_from_dict
    return {key: generate_from_dict(value) for key, value in obj.items()}
                 ^^^^^^^^^^^^^^^^^^^^^^^^^
  File "/ivi/ilps/personal/saycock/multimerge/.venv/lib/python3.12/site-packages/datasets/features/features.py", line 1468, in generate_from_dict
    return {key: generate_from_dict(value) for key, value in obj.items()}
                 ^^^^^^^^^^^^^^^^^^^^^^^^^
  File "/ivi/ilps/personal/saycock/multimerge/.venv/lib/python3.12/site-packages/datasets/features/features.py", line 1474, in generate_from_dict
    raise ValueError(f"Feature type '{_type}' not found. Available feature types: {list(_FEATURE_TYPES.keys())}")
ValueError: Feature type 'List' not found. Available feature types: ['Value', 'ClassLabel', 'Translation', 'TranslationVariableLanguages', 'LargeList', 'Sequence', 'Array2D', 'Array3D', 'Array4D', 'Array5D', 'Audio', 'Image', 'Video', 'Pdf']
